// Jest Snapshot v1, https://goo.gl/fbAQLP

exports[`performing test for rockets testing if rockets page really matches 1`] = `
<div>
  Loading...
</div>
`;
