// Jest Snapshot v1, https://goo.gl/fbAQLP

exports[`Testing the country details matches snapshot 1`] = `
<div
  className="countDetails"
/>
`;
